  Determining projects to restore...
C:\1.Pvt\1.Projects\AI-MCP-Assistant\backend\AIMcpAssistant.MCPs\AIMcpAssistant.MCPs.csproj : warning NU1603: AIMcpAssistant.MCPs depends on Google.Apis.Calendar.v3 (>= 1.68.0.3530) but Google.Apis.Calendar.v3 1.68.0.3530 was not found. Google.Apis.Calendar.v3 1.68.0.3536 was resolved instead.
C:\1.Pvt\1.Projects\AI-MCP-Assistant\backend\AIMcpAssistant.MCPs\AIMcpAssistant.MCPs.csproj : warning NU1603: AIMcpAssistant.MCPs depends on Google.Apis.Gmail.v1 (>= 1.68.0.3421) but Google.Apis.Gmail.v1 1.68.0.3421 was not found. Google.Apis.Gmail.v1 1.68.0.3427 was resolved instead.
  All projects are up-to-date for restore.
C:\1.Pvt\1.Projects\AI-MCP-Assistant\backend\AIMcpAssistant.MCPs\AIMcpAssistant.MCPs.csproj : warning NU1603: AIMcpAssistant.MCPs depends on Google.Apis.Calendar.v3 (>= 1.68.0.3530) but Google.Apis.Calendar.v3 1.68.0.3530 was not found. Google.Apis.Calendar.v3 1.68.0.3536 was resolved instead.
C:\1.Pvt\1.Projects\AI-MCP-Assistant\backend\AIMcpAssistant.MCPs\AIMcpAssistant.MCPs.csproj : warning NU1603: AIMcpAssistant.MCPs depends on Google.Apis.Gmail.v1 (>= 1.68.0.3421) but Google.Apis.Gmail.v1 1.68.0.3421 was not found. Google.Apis.Gmail.v1 1.68.0.3427 was resolved instead.
  AIMcpAssistant.Data -> C:\1.Pvt\1.Projects\AI-MCP-Assistant\backend\AIMcpAssistant.Data\bin\Debug\net8.0\AIMcpAssistant.Data.dll
  AIMcpAssistant.Core -> C:\1.Pvt\1.Projects\AI-MCP-Assistant\backend\AIMcpAssistant.Core\bin\Debug\net8.0\AIMcpAssistant.Core.dll
C:\1.Pvt\1.Projects\AI-MCP-Assistant\backend\AIMcpAssistant.MCPs\CalendarMcp.cs(35,40): warning CS1998: This async method lacks 'await' operators and will run synchronously. Consider using the 'await' operator to await non-blocking API calls, or 'await Task.Run(...)' to do CPU-bound work on a background thread. [C:\1.Pvt\1.Projects\AI-MCP-Assistant\backend\AIMcpAssistant.MCPs\AIMcpAssistant.MCPs.csproj]
C:\1.Pvt\1.Projects\AI-MCP-Assistant\backend\AIMcpAssistant.MCPs\EmailMcp.cs(39,44): warning CS1998: This async method lacks 'await' operators and will run synchronously. Consider using the 'await' operator to await non-blocking API calls, or 'await Task.Run(...)' to do CPU-bound work on a background thread. [C:\1.Pvt\1.Projects\AI-MCP-Assistant\backend\AIMcpAssistant.MCPs\AIMcpAssistant.MCPs.csproj]
C:\1.Pvt\1.Projects\AI-MCP-Assistant\backend\AIMcpAssistant.MCPs\ChatGptMcp.cs(46,40): warning CS1998: This async method lacks 'await' operators and will run synchronously. Consider using the 'await' operator to await non-blocking API calls, or 'await Task.Run(...)' to do CPU-bound work on a background thread. [C:\1.Pvt\1.Projects\AI-MCP-Assistant\backend\AIMcpAssistant.MCPs\AIMcpAssistant.MCPs.csproj]
C:\1.Pvt\1.Projects\AI-MCP-Assistant\backend\AIMcpAssistant.MCPs\CalendarMcp.cs(174,9): warning CS0618: 'EventsResource.ListRequest.TimeMin' is obsolete: 'This property is obsolete and may behave unexpectedly; please use TimeMinDateTimeOffset instead.' [C:\1.Pvt\1.Projects\AI-MCP-Assistant\backend\AIMcpAssistant.MCPs\AIMcpAssistant.MCPs.csproj]
C:\1.Pvt\1.Projects\AI-MCP-Assistant\backend\AIMcpAssistant.MCPs\CalendarMcp.cs(175,9): warning CS0618: 'EventsResource.ListRequest.TimeMax' is obsolete: 'This property is obsolete and may behave unexpectedly; please use TimeMaxDateTimeOffset instead.' [C:\1.Pvt\1.Projects\AI-MCP-Assistant\backend\AIMcpAssistant.MCPs\AIMcpAssistant.MCPs.csproj]
C:\1.Pvt\1.Projects\AI-MCP-Assistant\backend\AIMcpAssistant.MCPs\CalendarMcp.cs(191,31): warning CS0618: 'EventDateTime.DateTime' is obsolete: 'This property is obsolete and may behave unexpectedly; please use DateTimeDateTimeOffset instead.' [C:\1.Pvt\1.Projects\AI-MCP-Assistant\backend\AIMcpAssistant.MCPs\AIMcpAssistant.MCPs.csproj]
C:\1.Pvt\1.Projects\AI-MCP-Assistant\backend\AIMcpAssistant.MCPs\CalendarMcp.cs(193,27): warning CS0618: 'EventDateTime.DateTime' is obsolete: 'This property is obsolete and may behave unexpectedly; please use DateTimeDateTimeOffset instead.' [C:\1.Pvt\1.Projects\AI-MCP-Assistant\backend\AIMcpAssistant.MCPs\AIMcpAssistant.MCPs.csproj]
C:\1.Pvt\1.Projects\AI-MCP-Assistant\backend\AIMcpAssistant.MCPs\EmailMcp.cs(254,21): warning CS8602: Dereference of a possibly null reference. [C:\1.Pvt\1.Projects\AI-MCP-Assistant\backend\AIMcpAssistant.MCPs\AIMcpAssistant.MCPs.csproj]
C:\1.Pvt\1.Projects\AI-MCP-Assistant\backend\AIMcpAssistant.MCPs\EmailMcp.cs(278,26): error CS1061: 'McpResponse' does not contain a definition for 'IsSuccess' and no accessible extension method 'IsSuccess' accepting a first argument of type 'McpResponse' could be found (are you missing a using directive or an assembly reference?) [C:\1.Pvt\1.Projects\AI-MCP-Assistant\backend\AIMcpAssistant.MCPs\AIMcpAssistant.MCPs.csproj]
C:\1.Pvt\1.Projects\AI-MCP-Assistant\backend\AIMcpAssistant.MCPs\EmailMcp.cs(280,53): warning CS8601: Possible null reference assignment. [C:\1.Pvt\1.Projects\AI-MCP-Assistant\backend\AIMcpAssistant.MCPs\AIMcpAssistant.MCPs.csproj]
C:\1.Pvt\1.Projects\AI-MCP-Assistant\backend\AIMcpAssistant.MCPs\CalendarMcp.cs(230,126): warning CS8619: Nullability of reference types in value of type 'List<string>' doesn't match target type 'List<string?>'. [C:\1.Pvt\1.Projects\AI-MCP-Assistant\backend\AIMcpAssistant.MCPs\AIMcpAssistant.MCPs.csproj]
C:\1.Pvt\1.Projects\AI-MCP-Assistant\backend\AIMcpAssistant.MCPs\CalendarMcp.cs(237,37): warning CS1998: This async method lacks 'await' operators and will run synchronously. Consider using the 'await' operator to await non-blocking API calls, or 'await Task.Run(...)' to do CPU-bound work on a background thread. [C:\1.Pvt\1.Projects\AI-MCP-Assistant\backend\AIMcpAssistant.MCPs\AIMcpAssistant.MCPs.csproj]
C:\1.Pvt\1.Projects\AI-MCP-Assistant\backend\AIMcpAssistant.MCPs\CalendarMcp.cs(242,37): warning CS1998: This async method lacks 'await' operators and will run synchronously. Consider using the 'await' operator to await non-blocking API calls, or 'await Task.Run(...)' to do CPU-bound work on a background thread. [C:\1.Pvt\1.Projects\AI-MCP-Assistant\backend\AIMcpAssistant.MCPs\AIMcpAssistant.MCPs.csproj]
C:\1.Pvt\1.Projects\AI-MCP-Assistant\backend\AIMcpAssistant.MCPs\CalendarMcp.cs(247,37): warning CS1998: This async method lacks 'await' operators and will run synchronously. Consider using the 'await' operator to await non-blocking API calls, or 'await Task.Run(...)' to do CPU-bound work on a background thread. [C:\1.Pvt\1.Projects\AI-MCP-Assistant\backend\AIMcpAssistant.MCPs\AIMcpAssistant.MCPs.csproj]
C:\1.Pvt\1.Projects\AI-MCP-Assistant\backend\AIMcpAssistant.MCPs\CalendarMcp.cs(252,37): warning CS1998: This async method lacks 'await' operators and will run synchronously. Consider using the 'await' operator to await non-blocking API calls, or 'await Task.Run(...)' to do CPU-bound work on a background thread. [C:\1.Pvt\1.Projects\AI-MCP-Assistant\backend\AIMcpAssistant.MCPs\AIMcpAssistant.MCPs.csproj]
C:\1.Pvt\1.Projects\AI-MCP-Assistant\backend\AIMcpAssistant.MCPs\EmailMcp.cs(415,37): warning CS1998: This async method lacks 'await' operators and will run synchronously. Consider using the 'await' operator to await non-blocking API calls, or 'await Task.Run(...)' to do CPU-bound work on a background thread. [C:\1.Pvt\1.Projects\AI-MCP-Assistant\backend\AIMcpAssistant.MCPs\AIMcpAssistant.MCPs.csproj]
C:\1.Pvt\1.Projects\AI-MCP-Assistant\backend\AIMcpAssistant.MCPs\EmailMcp.cs(426,37): warning CS1998: This async method lacks 'await' operators and will run synchronously. Consider using the 'await' operator to await non-blocking API calls, or 'await Task.Run(...)' to do CPU-bound work on a background thread. [C:\1.Pvt\1.Projects\AI-MCP-Assistant\backend\AIMcpAssistant.MCPs\AIMcpAssistant.MCPs.csproj]
C:\1.Pvt\1.Projects\AI-MCP-Assistant\backend\AIMcpAssistant.MCPs\EmailMcp.cs(437,37): warning CS1998: This async method lacks 'await' operators and will run synchronously. Consider using the 'await' operator to await non-blocking API calls, or 'await Task.Run(...)' to do CPU-bound work on a background thread. [C:\1.Pvt\1.Projects\AI-MCP-Assistant\backend\AIMcpAssistant.MCPs\AIMcpAssistant.MCPs.csproj]
C:\1.Pvt\1.Projects\AI-MCP-Assistant\backend\AIMcpAssistant.MCPs\CalendarMcp.cs(291,9): warning CS0618: 'EventsResource.ListRequest.TimeMin' is obsolete: 'This property is obsolete and may behave unexpectedly; please use TimeMinDateTimeOffset instead.' [C:\1.Pvt\1.Projects\AI-MCP-Assistant\backend\AIMcpAssistant.MCPs\AIMcpAssistant.MCPs.csproj]
C:\1.Pvt\1.Projects\AI-MCP-Assistant\backend\AIMcpAssistant.MCPs\CalendarMcp.cs(292,9): warning CS0618: 'EventsResource.ListRequest.TimeMax' is obsolete: 'This property is obsolete and may behave unexpectedly; please use TimeMaxDateTimeOffset instead.' [C:\1.Pvt\1.Projects\AI-MCP-Assistant\backend\AIMcpAssistant.MCPs\AIMcpAssistant.MCPs.csproj]
C:\1.Pvt\1.Projects\AI-MCP-Assistant\backend\AIMcpAssistant.MCPs\CalendarMcp.cs(306,41): warning CS0618: 'EventDateTime.DateTime' is obsolete: 'This property is obsolete and may behave unexpectedly; please use DateTimeDateTimeOffset instead.' [C:\1.Pvt\1.Projects\AI-MCP-Assistant\backend\AIMcpAssistant.MCPs\AIMcpAssistant.MCPs.csproj]

Build FAILED.

C:\1.Pvt\1.Projects\AI-MCP-Assistant\backend\AIMcpAssistant.MCPs\AIMcpAssistant.MCPs.csproj : warning NU1603: AIMcpAssistant.MCPs depends on Google.Apis.Calendar.v3 (>= 1.68.0.3530) but Google.Apis.Calendar.v3 1.68.0.3530 was not found. Google.Apis.Calendar.v3 1.68.0.3536 was resolved instead.
C:\1.Pvt\1.Projects\AI-MCP-Assistant\backend\AIMcpAssistant.MCPs\AIMcpAssistant.MCPs.csproj : warning NU1603: AIMcpAssistant.MCPs depends on Google.Apis.Gmail.v1 (>= 1.68.0.3421) but Google.Apis.Gmail.v1 1.68.0.3421 was not found. Google.Apis.Gmail.v1 1.68.0.3427 was resolved instead.
C:\1.Pvt\1.Projects\AI-MCP-Assistant\backend\AIMcpAssistant.MCPs\AIMcpAssistant.MCPs.csproj : warning NU1603: AIMcpAssistant.MCPs depends on Google.Apis.Calendar.v3 (>= 1.68.0.3530) but Google.Apis.Calendar.v3 1.68.0.3530 was not found. Google.Apis.Calendar.v3 1.68.0.3536 was resolved instead.
C:\1.Pvt\1.Projects\AI-MCP-Assistant\backend\AIMcpAssistant.MCPs\AIMcpAssistant.MCPs.csproj : warning NU1603: AIMcpAssistant.MCPs depends on Google.Apis.Gmail.v1 (>= 1.68.0.3421) but Google.Apis.Gmail.v1 1.68.0.3421 was not found. Google.Apis.Gmail.v1 1.68.0.3427 was resolved instead.
C:\1.Pvt\1.Projects\AI-MCP-Assistant\backend\AIMcpAssistant.MCPs\CalendarMcp.cs(35,40): warning CS1998: This async method lacks 'await' operators and will run synchronously. Consider using the 'await' operator to await non-blocking API calls, or 'await Task.Run(...)' to do CPU-bound work on a background thread. [C:\1.Pvt\1.Projects\AI-MCP-Assistant\backend\AIMcpAssistant.MCPs\AIMcpAssistant.MCPs.csproj]
C:\1.Pvt\1.Projects\AI-MCP-Assistant\backend\AIMcpAssistant.MCPs\EmailMcp.cs(39,44): warning CS1998: This async method lacks 'await' operators and will run synchronously. Consider using the 'await' operator to await non-blocking API calls, or 'await Task.Run(...)' to do CPU-bound work on a background thread. [C:\1.Pvt\1.Projects\AI-MCP-Assistant\backend\AIMcpAssistant.MCPs\AIMcpAssistant.MCPs.csproj]
C:\1.Pvt\1.Projects\AI-MCP-Assistant\backend\AIMcpAssistant.MCPs\ChatGptMcp.cs(46,40): warning CS1998: This async method lacks 'await' operators and will run synchronously. Consider using the 'await' operator to await non-blocking API calls, or 'await Task.Run(...)' to do CPU-bound work on a background thread. [C:\1.Pvt\1.Projects\AI-MCP-Assistant\backend\AIMcpAssistant.MCPs\AIMcpAssistant.MCPs.csproj]
C:\1.Pvt\1.Projects\AI-MCP-Assistant\backend\AIMcpAssistant.MCPs\CalendarMcp.cs(174,9): warning CS0618: 'EventsResource.ListRequest.TimeMin' is obsolete: 'This property is obsolete and may behave unexpectedly; please use TimeMinDateTimeOffset instead.' [C:\1.Pvt\1.Projects\AI-MCP-Assistant\backend\AIMcpAssistant.MCPs\AIMcpAssistant.MCPs.csproj]
C:\1.Pvt\1.Projects\AI-MCP-Assistant\backend\AIMcpAssistant.MCPs\CalendarMcp.cs(175,9): warning CS0618: 'EventsResource.ListRequest.TimeMax' is obsolete: 'This property is obsolete and may behave unexpectedly; please use TimeMaxDateTimeOffset instead.' [C:\1.Pvt\1.Projects\AI-MCP-Assistant\backend\AIMcpAssistant.MCPs\AIMcpAssistant.MCPs.csproj]
C:\1.Pvt\1.Projects\AI-MCP-Assistant\backend\AIMcpAssistant.MCPs\CalendarMcp.cs(191,31): warning CS0618: 'EventDateTime.DateTime' is obsolete: 'This property is obsolete and may behave unexpectedly; please use DateTimeDateTimeOffset instead.' [C:\1.Pvt\1.Projects\AI-MCP-Assistant\backend\AIMcpAssistant.MCPs\AIMcpAssistant.MCPs.csproj]
C:\1.Pvt\1.Projects\AI-MCP-Assistant\backend\AIMcpAssistant.MCPs\CalendarMcp.cs(193,27): warning CS0618: 'EventDateTime.DateTime' is obsolete: 'This property is obsolete and may behave unexpectedly; please use DateTimeDateTimeOffset instead.' [C:\1.Pvt\1.Projects\AI-MCP-Assistant\backend\AIMcpAssistant.MCPs\AIMcpAssistant.MCPs.csproj]
C:\1.Pvt\1.Projects\AI-MCP-Assistant\backend\AIMcpAssistant.MCPs\EmailMcp.cs(254,21): warning CS8602: Dereference of a possibly null reference. [C:\1.Pvt\1.Projects\AI-MCP-Assistant\backend\AIMcpAssistant.MCPs\AIMcpAssistant.MCPs.csproj]
C:\1.Pvt\1.Projects\AI-MCP-Assistant\backend\AIMcpAssistant.MCPs\EmailMcp.cs(280,53): warning CS8601: Possible null reference assignment. [C:\1.Pvt\1.Projects\AI-MCP-Assistant\backend\AIMcpAssistant.MCPs\AIMcpAssistant.MCPs.csproj]
C:\1.Pvt\1.Projects\AI-MCP-Assistant\backend\AIMcpAssistant.MCPs\CalendarMcp.cs(230,126): warning CS8619: Nullability of reference types in value of type 'List<string>' doesn't match target type 'List<string?>'. [C:\1.Pvt\1.Projects\AI-MCP-Assistant\backend\AIMcpAssistant.MCPs\AIMcpAssistant.MCPs.csproj]
C:\1.Pvt\1.Projects\AI-MCP-Assistant\backend\AIMcpAssistant.MCPs\CalendarMcp.cs(237,37): warning CS1998: This async method lacks 'await' operators and will run synchronously. Consider using the 'await' operator to await non-blocking API calls, or 'await Task.Run(...)' to do CPU-bound work on a background thread. [C:\1.Pvt\1.Projects\AI-MCP-Assistant\backend\AIMcpAssistant.MCPs\AIMcpAssistant.MCPs.csproj]
C:\1.Pvt\1.Projects\AI-MCP-Assistant\backend\AIMcpAssistant.MCPs\CalendarMcp.cs(242,37): warning CS1998: This async method lacks 'await' operators and will run synchronously. Consider using the 'await' operator to await non-blocking API calls, or 'await Task.Run(...)' to do CPU-bound work on a background thread. [C:\1.Pvt\1.Projects\AI-MCP-Assistant\backend\AIMcpAssistant.MCPs\AIMcpAssistant.MCPs.csproj]
C:\1.Pvt\1.Projects\AI-MCP-Assistant\backend\AIMcpAssistant.MCPs\CalendarMcp.cs(247,37): warning CS1998: This async method lacks 'await' operators and will run synchronously. Consider using the 'await' operator to await non-blocking API calls, or 'await Task.Run(...)' to do CPU-bound work on a background thread. [C:\1.Pvt\1.Projects\AI-MCP-Assistant\backend\AIMcpAssistant.MCPs\AIMcpAssistant.MCPs.csproj]
C:\1.Pvt\1.Projects\AI-MCP-Assistant\backend\AIMcpAssistant.MCPs\CalendarMcp.cs(252,37): warning CS1998: This async method lacks 'await' operators and will run synchronously. Consider using the 'await' operator to await non-blocking API calls, or 'await Task.Run(...)' to do CPU-bound work on a background thread. [C:\1.Pvt\1.Projects\AI-MCP-Assistant\backend\AIMcpAssistant.MCPs\AIMcpAssistant.MCPs.csproj]
C:\1.Pvt\1.Projects\AI-MCP-Assistant\backend\AIMcpAssistant.MCPs\EmailMcp.cs(415,37): warning CS1998: This async method lacks 'await' operators and will run synchronously. Consider using the 'await' operator to await non-blocking API calls, or 'await Task.Run(...)' to do CPU-bound work on a background thread. [C:\1.Pvt\1.Projects\AI-MCP-Assistant\backend\AIMcpAssistant.MCPs\AIMcpAssistant.MCPs.csproj]
C:\1.Pvt\1.Projects\AI-MCP-Assistant\backend\AIMcpAssistant.MCPs\EmailMcp.cs(426,37): warning CS1998: This async method lacks 'await' operators and will run synchronously. Consider using the 'await' operator to await non-blocking API calls, or 'await Task.Run(...)' to do CPU-bound work on a background thread. [C:\1.Pvt\1.Projects\AI-MCP-Assistant\backend\AIMcpAssistant.MCPs\AIMcpAssistant.MCPs.csproj]
C:\1.Pvt\1.Projects\AI-MCP-Assistant\backend\AIMcpAssistant.MCPs\EmailMcp.cs(437,37): warning CS1998: This async method lacks 'await' operators and will run synchronously. Consider using the 'await' operator to await non-blocking API calls, or 'await Task.Run(...)' to do CPU-bound work on a background thread. [C:\1.Pvt\1.Projects\AI-MCP-Assistant\backend\AIMcpAssistant.MCPs\AIMcpAssistant.MCPs.csproj]
C:\1.Pvt\1.Projects\AI-MCP-Assistant\backend\AIMcpAssistant.MCPs\CalendarMcp.cs(291,9): warning CS0618: 'EventsResource.ListRequest.TimeMin' is obsolete: 'This property is obsolete and may behave unexpectedly; please use TimeMinDateTimeOffset instead.' [C:\1.Pvt\1.Projects\AI-MCP-Assistant\backend\AIMcpAssistant.MCPs\AIMcpAssistant.MCPs.csproj]
C:\1.Pvt\1.Projects\AI-MCP-Assistant\backend\AIMcpAssistant.MCPs\CalendarMcp.cs(292,9): warning CS0618: 'EventsResource.ListRequest.TimeMax' is obsolete: 'This property is obsolete and may behave unexpectedly; please use TimeMaxDateTimeOffset instead.' [C:\1.Pvt\1.Projects\AI-MCP-Assistant\backend\AIMcpAssistant.MCPs\AIMcpAssistant.MCPs.csproj]
C:\1.Pvt\1.Projects\AI-MCP-Assistant\backend\AIMcpAssistant.MCPs\CalendarMcp.cs(306,41): warning CS0618: 'EventDateTime.DateTime' is obsolete: 'This property is obsolete and may behave unexpectedly; please use DateTimeDateTimeOffset instead.' [C:\1.Pvt\1.Projects\AI-MCP-Assistant\backend\AIMcpAssistant.MCPs\AIMcpAssistant.MCPs.csproj]
C:\1.Pvt\1.Projects\AI-MCP-Assistant\backend\AIMcpAssistant.MCPs\EmailMcp.cs(278,26): error CS1061: 'McpResponse' does not contain a definition for 'IsSuccess' and no accessible extension method 'IsSuccess' accepting a first argument of type 'McpResponse' could be found (are you missing a using directive or an assembly reference?) [C:\1.Pvt\1.Projects\AI-MCP-Assistant\backend\AIMcpAssistant.MCPs\AIMcpAssistant.MCPs.csproj]
    24 Warning(s)
    1 Error(s)

Time Elapsed 00:00:01.70

Workload updates are available. Run `dotnet workload list` for more information.
